> Task :gradle:checkKotlinGradlePluginConfigurationErrors SKIPPED
> Task :gradle:compileKotlin UP-TO-DATE
> Task :gradle:compileJava NO-SOURCE
> Task :gradle:compileGroovy NO-SOURCE
> Task :gradle:pluginDescriptors UP-TO-DATE
> Task :gradle:processResources UP-TO-DATE
> Task :gradle:classes UP-TO-DATE
> Task :gradle:jar UP-TO-DATE
> Task :app:DebugMinSdkCheck
> Task :app:preBuild UP-TO-DATE
> Task :app:preDebugBuild UP-TO-DATE
> Task :app:mergeDebugNativeDebugMetadata NO-SOURCE
> Task :app:checkKotlinGradlePluginConfigurationErrors SKIPPED
> Task :app:compileFlutterBuildDebug UP-TO-DATE
> Task :app:packJniLibsflutterBuildDebug UP-TO-DATE
> Task :app_links:preBuild UP-TO-DATE
> Task :app_links:preDebugBuild UP-TO-DATE
> Task :app_links:writeDebugAarMetadata UP-TO-DATE
> Task :device_info_plus:preBuild UP-TO-DATE
> Task :device_info_plus:preDebugBuild UP-TO-DATE
> Task :device_info_plus:writeDebugAarMetadata UP-TO-DATE
> Task :file_picker:preBuild UP-TO-DATE
> Task :file_picker:preDebugBuild UP-TO-DATE
> Task :file_picker:writeDebugAarMetadata UP-TO-DATE
> Task :flutter_local_notifications:preBuild UP-TO-DATE
> Task :flutter_local_notifications:preDebugBuild UP-TO-DATE
> Task :flutter_local_notifications:writeDebugAarMetadata UP-TO-DATE
> Task :flutter_plugin_android_lifecycle:preBuild UP-TO-DATE
> Task :flutter_plugin_android_lifecycle:preDebugBuild UP-TO-DATE
> Task :flutter_plugin_android_lifecycle:writeDebugAarMetadata UP-TO-DATE
> Task :geolocator_android:preBuild UP-TO-DATE
> Task :geolocator_android:preDebugBuild UP-TO-DATE
> Task :geolocator_android:writeDebugAarMetadata UP-TO-DATE
> Task :health:preBuild UP-TO-DATE
> Task :health:preDebugBuild UP-TO-DATE
> Task :health:writeDebugAarMetadata UP-TO-DATE
> Task :path_provider_android:preBuild UP-TO-DATE
> Task :path_provider_android:preDebugBuild UP-TO-DATE
> Task :path_provider_android:writeDebugAarMetadata UP-TO-DATE
> Task :shared_preferences_android:preBuild UP-TO-DATE
> Task :shared_preferences_android:preDebugBuild UP-TO-DATE
> Task :shared_preferences_android:writeDebugAarMetadata UP-TO-DATE
> Task :sqflite_android:preBuild UP-TO-DATE
> Task :sqflite_android:preDebugBuild UP-TO-DATE
> Task :sqflite_android:writeDebugAarMetadata UP-TO-DATE
> Task :url_launcher_android:preBuild UP-TO-DATE
> Task :url_launcher_android:preDebugBuild UP-TO-DATE
> Task :url_launcher_android:writeDebugAarMetadata UP-TO-DATE
> Task :app:checkDebugAarMetadata UP-TO-DATE
> Task :app:cleanMergeDebugAssets
> Task :app:mergeDebugShaders UP-TO-DATE
> Task :app:compileDebugShaders NO-SOURCE
> Task :app:generateDebugAssets UP-TO-DATE
> Task :app_links:mergeDebugShaders UP-TO-DATE
> Task :app_links:compileDebugShaders NO-SOURCE
> Task :app_links:generateDebugAssets UP-TO-DATE
> Task :app_links:mergeDebugAssets UP-TO-DATE
> Task :device_info_plus:mergeDebugShaders UP-TO-DATE
> Task :device_info_plus:compileDebugShaders NO-SOURCE
> Task :device_info_plus:generateDebugAssets UP-TO-DATE
> Task :device_info_plus:mergeDebugAssets UP-TO-DATE
> Task :file_picker:mergeDebugShaders UP-TO-DATE
> Task :file_picker:compileDebugShaders NO-SOURCE
> Task :file_picker:generateDebugAssets UP-TO-DATE
> Task :file_picker:mergeDebugAssets UP-TO-DATE
> Task :flutter_local_notifications:mergeDebugShaders UP-TO-DATE
> Task :flutter_local_notifications:compileDebugShaders NO-SOURCE
> Task :flutter_local_notifications:generateDebugAssets UP-TO-DATE
> Task :flutter_local_notifications:mergeDebugAssets UP-TO-DATE
> Task :flutter_plugin_android_lifecycle:mergeDebugShaders UP-TO-DATE
> Task :flutter_plugin_android_lifecycle:compileDebugShaders NO-SOURCE
> Task :flutter_plugin_android_lifecycle:generateDebugAssets UP-TO-DATE
> Task :flutter_plugin_android_lifecycle:mergeDebugAssets UP-TO-DATE
> Task :geolocator_android:mergeDebugShaders UP-TO-DATE
> Task :geolocator_android:compileDebugShaders NO-SOURCE
> Task :geolocator_android:generateDebugAssets UP-TO-DATE
> Task :geolocator_android:mergeDebugAssets UP-TO-DATE
> Task :health:mergeDebugShaders UP-TO-DATE
> Task :health:compileDebugShaders NO-SOURCE
> Task :health:generateDebugAssets UP-TO-DATE
> Task :health:mergeDebugAssets UP-TO-DATE
> Task :path_provider_android:mergeDebugShaders UP-TO-DATE
> Task :path_provider_android:compileDebugShaders NO-SOURCE
> Task :path_provider_android:generateDebugAssets UP-TO-DATE
> Task :path_provider_android:mergeDebugAssets UP-TO-DATE
> Task :shared_preferences_android:mergeDebugShaders UP-TO-DATE
> Task :shared_preferences_android:compileDebugShaders NO-SOURCE
> Task :shared_preferences_android:generateDebugAssets UP-TO-DATE
> Task :shared_preferences_android:mergeDebugAssets UP-TO-DATE
> Task :sqflite_android:mergeDebugShaders UP-TO-DATE
> Task :sqflite_android:compileDebugShaders NO-SOURCE
> Task :sqflite_android:generateDebugAssets UP-TO-DATE
> Task :sqflite_android:mergeDebugAssets UP-TO-DATE
> Task :url_launcher_android:mergeDebugShaders UP-TO-DATE
> Task :url_launcher_android:compileDebugShaders NO-SOURCE
> Task :url_launcher_android:generateDebugAssets UP-TO-DATE
> Task :url_launcher_android:mergeDebugAssets UP-TO-DATE
> Task :app:mergeDebugAssets
> Task :app:copyFlutterAssetsDebug
> Task :app:generateDebugResValues UP-TO-DATE
> Task :app_links:generateDebugResValues UP-TO-DATE
> Task :app_links:generateDebugResources UP-TO-DATE
> Task :app_links:packageDebugResources UP-TO-DATE
> Task :device_info_plus:generateDebugResValues UP-TO-DATE
> Task :device_info_plus:generateDebugResources UP-TO-DATE
> Task :device_info_plus:packageDebugResources UP-TO-DATE
> Task :file_picker:generateDebugResValues UP-TO-DATE
> Task :file_picker:generateDebugResources UP-TO-DATE
> Task :file_picker:packageDebugResources UP-TO-DATE
> Task :flutter_local_notifications:generateDebugResValues UP-TO-DATE
> Task :flutter_local_notifications:generateDebugResources UP-TO-DATE
> Task :flutter_local_notifications:packageDebugResources UP-TO-DATE
> Task :flutter_plugin_android_lifecycle:generateDebugResValues UP-TO-DATE
> Task :flutter_plugin_android_lifecycle:generateDebugResources UP-TO-DATE
> Task :flutter_plugin_android_lifecycle:packageDebugResources UP-TO-DATE
> Task :geolocator_android:generateDebugResValues UP-TO-DATE
> Task :geolocator_android:generateDebugResources UP-TO-DATE
> Task :geolocator_android:packageDebugResources UP-TO-DATE
> Task :health:generateDebugResValues UP-TO-DATE
> Task :health:generateDebugResources UP-TO-DATE
> Task :health:packageDebugResources UP-TO-DATE
> Task :path_provider_android:generateDebugResValues UP-TO-DATE
> Task :path_provider_android:generateDebugResources UP-TO-DATE
> Task :path_provider_android:packageDebugResources UP-TO-DATE
> Task :shared_preferences_android:generateDebugResValues UP-TO-DATE
> Task :shared_preferences_android:generateDebugResources UP-TO-DATE
> Task :shared_preferences_android:packageDebugResources UP-TO-DATE
> Task :sqflite_android:generateDebugResValues UP-TO-DATE
> Task :sqflite_android:generateDebugResources UP-TO-DATE
> Task :sqflite_android:packageDebugResources UP-TO-DATE
> Task :url_launcher_android:generateDebugResValues UP-TO-DATE
> Task :url_launcher_android:generateDebugResources UP-TO-DATE
> Task :url_launcher_android:packageDebugResources UP-TO-DATE
> Task :app:mapDebugSourceSetPaths UP-TO-DATE
> Task :app:generateDebugResources UP-TO-DATE
> Task :app:mergeDebugResources UP-TO-DATE
> Task :app:packageDebugResources UP-TO-DATE
> Task :app:parseDebugLocalResources UP-TO-DATE
> Task :app:createDebugCompatibleScreenManifests UP-TO-DATE
> Task :app:extractDeepLinksDebug UP-TO-DATE
> Task :app_links:extractDeepLinksDebug UP-TO-DATE
> Task :app_links:processDebugManifest UP-TO-DATE
> Task :device_info_plus:extractDeepLinksDebug UP-TO-DATE
> Task :device_info_plus:processDebugManifest UP-TO-DATE
> Task :file_picker:extractDeepLinksDebug UP-TO-DATE
> Task :file_picker:processDebugManifest UP-TO-DATE
> Task :flutter_local_notifications:extractDeepLinksDebug UP-TO-DATE
> Task :flutter_local_notifications:processDebugManifest UP-TO-DATE
> Task :flutter_plugin_android_lifecycle:extractDeepLinksDebug UP-TO-DATE
> Task :flutter_plugin_android_lifecycle:processDebugManifest UP-TO-DATE
> Task :geolocator_android:extractDeepLinksDebug UP-TO-DATE
> Task :geolocator_android:processDebugManifest UP-TO-DATE
> Task :health:extractDeepLinksDebug UP-TO-DATE
> Task :health:processDebugManifest UP-TO-DATE
> Task :path_provider_android:extractDeepLinksDebug UP-TO-DATE
> Task :path_provider_android:processDebugManifest UP-TO-DATE
> Task :shared_preferences_android:extractDeepLinksDebug UP-TO-DATE
> Task :shared_preferences_android:processDebugManifest UP-TO-DATE
> Task :sqflite_android:extractDeepLinksDebug UP-TO-DATE
> Task :sqflite_android:processDebugManifest UP-TO-DATE
> Task :url_launcher_android:extractDeepLinksDebug UP-TO-DATE
> Task :url_launcher_android:processDebugManifest UP-TO-DATE
> Task :app:processDebugMainManifest UP-TO-DATE
> Task :app:outputDebugAppLinkSettings UP-TO-DATE
> Task :app:processDebugManifest UP-TO-DATE
> Task :app:processDebugManifestForPackage UP-TO-DATE
> Task :app_links:compileDebugLibraryResources UP-TO-DATE
> Task :app_links:parseDebugLocalResources UP-TO-DATE
> Task :app_links:generateDebugRFile UP-TO-DATE
> Task :device_info_plus:compileDebugLibraryResources UP-TO-DATE
> Task :device_info_plus:parseDebugLocalResources UP-TO-DATE
> Task :device_info_plus:generateDebugRFile UP-TO-DATE
> Task :file_picker:compileDebugLibraryResources UP-TO-DATE
> Task :file_picker:parseDebugLocalResources UP-TO-DATE
> Task :file_picker:generateDebugRFile UP-TO-DATE
> Task :flutter_local_notifications:compileDebugLibraryResources UP-TO-DATE
> Task :flutter_local_notifications:parseDebugLocalResources UP-TO-DATE
> Task :flutter_local_notifications:generateDebugRFile UP-TO-DATE
> Task :flutter_plugin_android_lifecycle:compileDebugLibraryResources UP-TO-DATE
> Task :flutter_plugin_android_lifecycle:parseDebugLocalResources UP-TO-DATE
> Task :flutter_plugin_android_lifecycle:generateDebugRFile UP-TO-DATE
> Task :geolocator_android:compileDebugLibraryResources UP-TO-DATE
> Task :geolocator_android:parseDebugLocalResources UP-TO-DATE
> Task :geolocator_android:generateDebugRFile UP-TO-DATE
> Task :health:compileDebugLibraryResources UP-TO-DATE
> Task :health:parseDebugLocalResources UP-TO-DATE
> Task :health:generateDebugRFile UP-TO-DATE
> Task :path_provider_android:compileDebugLibraryResources UP-TO-DATE
> Task :path_provider_android:parseDebugLocalResources UP-TO-DATE
> Task :path_provider_android:generateDebugRFile UP-TO-DATE
> Task :shared_preferences_android:compileDebugLibraryResources UP-TO-DATE
> Task :shared_preferences_android:parseDebugLocalResources UP-TO-DATE
> Task :shared_preferences_android:generateDebugRFile UP-TO-DATE
> Task :sqflite_android:compileDebugLibraryResources UP-TO-DATE
> Task :sqflite_android:parseDebugLocalResources UP-TO-DATE
> Task :sqflite_android:generateDebugRFile UP-TO-DATE
> Task :url_launcher_android:compileDebugLibraryResources UP-TO-DATE
> Task :url_launcher_android:parseDebugLocalResources UP-TO-DATE
> Task :url_launcher_android:generateDebugRFile UP-TO-DATE
> Task :app:processDebugResources UP-TO-DATE
> Task :app_links:javaPreCompileDebug UP-TO-DATE
> Task :app_links:compileDebugJavaWithJavac UP-TO-DATE
> Task :app_links:bundleLibCompileToJarDebug UP-TO-DATE
> Task :device_info_plus:checkKotlinGradlePluginConfigurationErrors SKIPPED
> Task :device_info_plus:compileDebugKotlin UP-TO-DATE
> Task :device_info_plus:javaPreCompileDebug UP-TO-DATE
> Task :device_info_plus:compileDebugJavaWithJavac NO-SOURCE
> Task :device_info_plus:bundleLibCompileToJarDebug UP-TO-DATE
> Task :file_picker:javaPreCompileDebug UP-TO-DATE
> Task :flutter_plugin_android_lifecycle:javaPreCompileDebug UP-TO-DATE
> Task :flutter_plugin_android_lifecycle:compileDebugJavaWithJavac UP-TO-DATE
> Task :flutter_plugin_android_lifecycle:bundleLibCompileToJarDebug UP-TO-DATE
> Task :file_picker:compileDebugJavaWithJavac UP-TO-DATE
> Task :file_picker:bundleLibCompileToJarDebug UP-TO-DATE
> Task :flutter_local_notifications:javaPreCompileDebug UP-TO-DATE
> Task :flutter_local_notifications:compileDebugJavaWithJavac UP-TO-DATE
> Task :flutter_local_notifications:bundleLibCompileToJarDebug UP-TO-DATE
> Task :geolocator_android:javaPreCompileDebug UP-TO-DATE
> Task :geolocator_android:compileDebugJavaWithJavac UP-TO-DATE
> Task :geolocator_android:bundleLibCompileToJarDebug UP-TO-DATE
> Task :health:checkKotlinGradlePluginConfigurationErrors SKIPPED
> Task :health:javaPreCompileDebug UP-TO-DATE
> Task :path_provider_android:javaPreCompileDebug UP-TO-DATE
> Task :path_provider_android:compileDebugJavaWithJavac UP-TO-DATE
> Task :path_provider_android:bundleLibCompileToJarDebug UP-TO-DATE
> Task :shared_preferences_android:checkKotlinGradlePluginConfigurationErrors SKIPPED
> Task :shared_preferences_android:compileDebugKotlin UP-TO-DATE
> Task :shared_preferences_android:javaPreCompileDebug UP-TO-DATE
> Task :shared_preferences_android:compileDebugJavaWithJavac UP-TO-DATE
> Task :shared_preferences_android:bundleLibCompileToJarDebug UP-TO-DATE
> Task :sqflite_android:javaPreCompileDebug UP-TO-DATE
> Task :sqflite_android:compileDebugJavaWithJavac UP-TO-DATE
> Task :sqflite_android:bundleLibCompileToJarDebug UP-TO-DATE
> Task :url_launcher_android:generateDebugBuildConfig UP-TO-DATE
> Task :url_launcher_android:javaPreCompileDebug UP-TO-DATE
> Task :url_launcher_android:compileDebugJavaWithJavac UP-TO-DATE
> Task :url_launcher_android:bundleLibCompileToJarDebug UP-TO-DATE
> Task :app:javaPreCompileDebug UP-TO-DATE
> Task :app:compressDebugAssets UP-TO-DATE
> Task :app:l8DexDesugarLibDebug UP-TO-DATE
> Task :app_links:bundleLibRuntimeToJarDebug UP-TO-DATE
> Task :device_info_plus:bundleLibRuntimeToJarDebug UP-TO-DATE
> Task :file_picker:bundleLibRuntimeToJarDebug UP-TO-DATE
> Task :flutter_local_notifications:bundleLibRuntimeToJarDebug UP-TO-DATE
> Task :flutter_plugin_android_lifecycle:bundleLibRuntimeToJarDebug UP-TO-DATE
> Task :geolocator_android:bundleLibRuntimeToJarDebug UP-TO-DATE
> Task :path_provider_android:bundleLibRuntimeToJarDebug UP-TO-DATE
> Task :shared_preferences_android:bundleLibRuntimeToJarDebug UP-TO-DATE
> Task :sqflite_android:bundleLibRuntimeToJarDebug UP-TO-DATE
> Task :url_launcher_android:bundleLibRuntimeToJarDebug UP-TO-DATE
> Task :app:desugarDebugFileDependencies UP-TO-DATE
> Task :app_links:processDebugJavaRes NO-SOURCE
> Task :device_info_plus:processDebugJavaRes UP-TO-DATE
> Task :file_picker:processDebugJavaRes NO-SOURCE
> Task :flutter_local_notifications:processDebugJavaRes NO-SOURCE
> Task :flutter_plugin_android_lifecycle:processDebugJavaRes NO-SOURCE
> Task :geolocator_android:processDebugJavaRes NO-SOURCE
> Task :path_provider_android:processDebugJavaRes NO-SOURCE
> Task :shared_preferences_android:processDebugJavaRes UP-TO-DATE
> Task :sqflite_android:processDebugJavaRes NO-SOURCE
> Task :url_launcher_android:processDebugJavaRes NO-SOURCE
> Task :app:checkDebugDuplicateClasses UP-TO-DATE

> Task :app:mergeExtDexDebug
WARNING: C:\Users\Sooraj\.gradle\caches\8.14\transforms\a68b1de7bc8bb322d52e4b7313b04815\transformed\play-services-location-21.2.0-runtime.jar: D8: The companion object Companion could not be found in class com.google.android.gms.internal.location.zze

> Task :health:compileDebugKotlin
e: file:///C:/Users/Sooraj/AppData/Local/Pub/Cache/hosted/pub.dev/health-10.2.0/android/src/main/kotlin/cachet/plugins/health/HealthPlugin.kt:51:48 Unresolved reference 'Registrar'.
e: file:///C:/Users/Sooraj/AppData/Local/Pub/Cache/hosted/pub.dev/health-10.2.0/android/src/main/kotlin/cachet/plugins/health/HealthPlugin.kt:513:45 Unresolved reference 'Registrar'.
e: file:///C:/Users/Sooraj/AppData/Local/Pub/Cache/hosted/pub.dev/health-10.2.0/android/src/main/kotlin/cachet/plugins/health/HealthPlugin.kt:514:63 Unresolved reference 'messenger'.
e: file:///C:/Users/Sooraj/AppData/Local/Pub/Cache/hosted/pub.dev/health-10.2.0/android/src/main/kotlin/cachet/plugins/health/HealthPlugin.kt:516:35 Unresolved reference 'addActivityResultListener'.

> Task :health:compileDebugKotlin FAILED

[Incubating] Problems report is available at: file:///C:/Users/Sooraj/Health-pilot/build/reports/problems/problems-report.html

FAILURE: Build failed with an exception.

* What went wrong:
Execution failed for task ':health:compileDebugKotlin'.
> A failure occurred while executing org.jetbrains.kotlin.compilerRunner.GradleCompilerRunnerWithWorkers$GradleKotlinCompilerWorkAction
   > Compilation error. See log for more details

* Try:
> Run with --stacktrace option to get the stack trace.
> Run with --info or --debug option to get more log output.
> Run with --scan to get full insights.
> Get more help at https://help.gradle.org.

Deprecated Gradle features were used in this build, making it incompatible with Gradle 9.0.

You can use '--warning-mode all' to show the individual deprecation warnings and determine if they come from your own scripts or plugins.

For more on this, please refer to https://docs.gradle.org/8.14/userguide/command_line_interface.html#sec:command_line_warnings in the Gradle documentation.

BUILD FAILED in 2m 21s
198 actionable tasks: 6 executed, 192 up-to-date
